2026-04-29 21:33:08,188 | Device: cpu
2026-04-29 21:33:08,189 | ======================================================================
2026-04-29 21:33:08,189 | MODEL 1: LSTM Sensor Forecaster
2026-04-29 21:33:08,189 | ======================================================================
2026-04-29 21:33:08,289 | Parameters: 211,422
2026-04-29 21:33:49,922 | [LSTM] Epoch 1/2 | Train: 0.10362 | Val: 0.08007
2026-04-29 21:34:30,275 | [LSTM] Epoch 2/2 | Train: 0.07954 | Val: 0.07793
2026-04-29 21:34:30,279 | [LSTM] Best epoch 2, val_loss 0.07793
2026-04-29 21:34:30,283 | ======================================================================
2026-04-29 21:34:30,283 | MODEL 5: Autoencoder Anomaly Detector
2026-04-29 21:34:30,284 | ======================================================================
2026-04-29 21:34:30,350 | Training on 33,227 normal windows (95.0% of data)
2026-04-29 21:34:30,355 | Parameters: 120,469
2026-04-29 21:35:35,419 | [AE] Epoch 1/2 | Loss: 0.433451 | Val AUROC: 0.7424
2026-04-29 21:36:48,535 | [AE] Epoch 2/2 | Loss: 0.266312 | Val AUROC: 0.7415
2026-04-29 21:36:48,560 | [AE] Best loss 0.266312
2026-04-29 21:36:48,574 | ======================================================================
2026-04-29 21:36:48,574 | MODEL 3: CNN Plant Health Classifier (EfficientNet-B0)
2026-04-29 21:36:48,575 | ======================================================================
2026-04-29 21:36:48,598 | ⚠ No plant images found. Skipping CNN training.
2026-04-29 21:36:48,598 |   Download PlantVillage: https://www.kaggle.com/emmarex/plantdisease
2026-04-29 21:36:48,599 | ======================================================================
2026-04-29 21:36:48,599 | MODEL 4: Bayesian Optimization (online, no training)
2026-04-29 21:36:48,599 | ======================================================================
2026-04-29 21:37:30,433 | Bayesian best schedule: [0, 0, 0, 0, 1, 1, 1, 1, 0, 0, 1, 0, 0, 0, 0, 0, 0, 0, 0, 1, 0, 0, 0, 0]
2026-04-29 21:37:30,434 | ✓ Best score: 1.3500
2026-04-29 21:37:30,434 |   Integrate: replace GeneticAlgorithm.optimize() with gp_minimize()
2026-04-29 21:37:30,434 | ======================================================================
2026-04-29 21:37:30,434 | MODEL 6: Digital Twin (Neural ODE)
2026-04-29 21:37:30,434 | ======================================================================
2026-04-29 21:37:30,569 | Parameters: 5,258
