2026-04-29 21:22:04,315 | Device: cpu
2026-04-29 21:22:04,316 | ======================================================================
2026-04-29 21:22:04,316 | MODEL 1: LSTM Sensor Forecaster
2026-04-29 21:22:04,316 | ======================================================================
2026-04-29 21:22:04,426 | Parameters: 211,422
2026-04-29 21:25:04,715 | ======================================================================
2026-04-29 21:25:04,716 | MODEL 5: Autoencoder Anomaly Detector
2026-04-29 21:25:04,716 | ======================================================================
2026-04-29 21:25:04,892 | Training on 33,227 normal windows (95.0% of data)
2026-04-29 21:25:04,924 | Parameters: 120,469
2026-04-29 21:27:44,644 | ======================================================================
2026-04-29 21:27:44,645 | MODEL 3: CNN Plant Health Classifier (EfficientNet-B0)
2026-04-29 21:27:44,645 | ======================================================================
2026-04-29 21:27:44,661 |   Download PlantVillage: https://www.kaggle.com/emmarex/plantdisease
2026-04-29 21:27:44,661 | ======================================================================
2026-04-29 21:27:44,662 | MODEL 4: Bayesian Optimization (online, no training)
2026-04-29 21:27:44,662 | ======================================================================
2026-04-29 21:28:04,555 | Bayesian best schedule: [0, 0, 0, 0, 1, 1, 1, 1, 0, 0, 1, 0, 0, 0, 0, 0, 0, 0, 0, 1, 0, 0, 0, 0]
2026-04-29 21:28:04,556 |   Integrate: replace GeneticAlgorithm.optimize() with gp_minimize()
2026-04-29 21:28:04,556 | ======================================================================
2026-04-29 21:28:04,556 | MODEL 6: Digital Twin (Neural ODE)
2026-04-29 21:28:04,556 | ======================================================================
2026-04-29 21:28:04,617 | Parameters: 5,258
